<testsuites name="marketplace-test"><testsuite name="SimpleMarketPlaceFlow" package="SimpleMarketPlaceFlow" id="0" time="99.013213670" timestamp="2024-06-10T15:44:57.916573561Z" hostname="localhost" tests="7" failures="2" errors="0" skipped="0"><properties/><testcase file="test/Test/TestStorySimpleMarket.hs" line="140" name="Should buy 1 token from sale with reference script" classname="SimpleMarketPlaceFlow" time="0.094229331"><failure type="error">test/Test/TestStorySimpleMarket.hs:140:12
predicate failed on: Left FrameworkError: TxSubmissionError: "ShelleyTxValidationError ShelleyBasedEraConway (ApplyTxError (ConwayUtxowFailure (UtxoFailure (UtxosFailure (ValidationTagMismatch (IsValid True) (FailedUnexpectedly (PlutusFailure \"\\nThe PlutusV2 script failed:\\nBase64-encoded script bytes:\\n\\\"WRH0AQAAMjIzIjIyMyIyMjIzIjIyMjIzIjIiJTIyM1MjIyMjIyMjIyMjI1ADIlNQAiIzUAIjIVM1AIEyUzVTM1c0ZuHSACMAEiMwGjUAIiIiIiIiIAxIAAQIBAfFTM1c0ZuIMCYyMBwzAsIlM1ABECwiEyUzU1ADIiI1AEIjNQAiUzNXNGbjwEAARMCcAYVAmJQJiEzUC8AEAIQATAEABNQASIiIiIiIgCjABIgAgBhAfECAQH1AHFTUAciNQAiIiIiIiIjNTAPAEEC0QLDApIlM1ABEB8iFTM1c0ZuPAFACECITAEABIWMzADIzMzMAsAEiUzNXNGbh0gAAAhUzUzM1Vz4AJKAqRgLGYExq6EAI1dEAEAeQmoAJEpmRkZGRqZmZmAoAMRKZmrmjNw6QAAAQqZqZmaq58AElAeIwHzMC81dCAEauiACAYITUAEiUzIyMjIyNTABAHIVM1MzNVc+AOSgTkYFBmBwauhAINXRAEAQkJqACRKZqYAoARCpmpmZqrnwAiUCsjAsMwPDV0IAZq6IAMCUhNQASJTNTMAoAsAIhUzUzM1Vz4ARKBeRgYGYIBq6EAM1dEAGBSQmoAJEZGRkpmpgAgCkKmamZmqufAFJQNiMDczBHNXQgDGrogBgMCE1ABIlM1MAUAIhUzUzM1Vz4ARKB0RgdmYJZq6EAM1dEAGBoQmoAJEpmpmAyBGAEQqZqZmaq58AIlA+IwPzME81dCAGauiADA4ITUAEiUzUzMCADQDcAIhUzUzM1Vz4ARKCERghmYKZq6EAM1dEAGB4QmoAJEpmpmZmYHoAREpmauaM3DpAAABCpmpmZqrnwASUEcjBIMwWDV0IARq6IAIEEhNQASJTMjI1MzMzBEAEIlMzVzRm4dIAAAIVM1MzNVc+ACSgnEYJ5mC+auhACNXRABAkEJqACRKZqZgDgjgBEKmamZmqufACJQUiMjIwVQAjV0QAhq6EAMEwhUzUwCAASEwVBIzABAEACFQUhUFEVBQFQTRUE0lBMJQTCUEwlBMIVM1MzNVc+AISgmkZGRgoABGrogBjV0IAoI5CpmpmZmYIwAJEpmauaM3DpAAABCpmpmZqrnwASUFAjBRMwYTV0IARq6IAIEohNQASJTNTMAkEkAIhUzUzM1Vz4ARKCoRkZGCuAEauiAENXQgBgnEKmamAUACQmCsJGYAIAgAQqCoKgpioKQqCeKgnkoJxKCcSgnEoJxCYJ4kZgAgCABCoJoqCYRmZmYIgAJEpmauaM3DpAAABCYJwKYqZmrmjNw6QAQAQmCcCoKgmkoJhKCYSgmEoJhEZmZmCIACRKZmrmjNw6QAAAQmCcJEQAQqZGZq5ozcOkAEAGKmamZmqufACJQTyMjIwUgAjV0QAhq6EAMEkhUzUwBgASEwURIiMAMAQTACSYTABSYTABSYlMzVzRm4dIAQAMTBPEiIAEVBOJQTCUEwlBMJQTBUEkVBGFQRiUEUlBFJQRSUEUhUzUzM1Vz4ARKCMRgjmYK5q6EAM1dEAGCAQmoAJEpmpmBKB8AEQqZqZmaq58AIlBKIwSzMFs1dCAGauiADBEITUAEiUzI1MzAtAzABADIVM1MzNVc+AGSgnkYKBmDAauhAENXRACAkkJqACRKZqZgPgCgBEKmamZmqufACJQUyMjIwVgAjV0QAhq6EAME0hUzUwPAASEwVRIzMzMzMzMAEDACwCgCEB0BkBUBEA0AgAQAIVBTFQUhUFEVBOIwTgARUEwVBJFQSBUEUVBEFQQRUEAVA9FQPBUDkVA4FQNRUDQwAQAjASAoUBAVAuFQLRUCoVApFQJjABIzMzMB4AEiUzNXNGbh0gAAAhUzUzM1Vz4AJKBQRgUmYHJq6EAI1dEAEBEQmoAJEpmpgJABEKmamZmqufACJQLCMjIwLwAjV0QAhq6EAMCYhUzUwCgASEwLhIzABAEACFQLBUCsVAqFQJxUCclAmJQJiUCYlAmIyIzMzMB8AEiUCglAnACJQJyUCcwNiIzM1Vz4AJGBQBuSmamAIauhACIVM1MAQ1dEAGQmBUZqBwAEACKgUCZKBQYAZq6IAICEjMzMwHAASJTM1c0ZuHSAAACFTNTMzVXPgAkoExGBOZgbmroQAjV0QAQEBCagAkSmamA2AEQqZqZmaq58AIlAqIwKzMDs1dCAGauiADAkITUAEiUzUzMAwCJQCwAiFTNTMzVXPgBEoFxGBeZgfmroQAzV0QAYFBCagAkSmamZmZgUgBESmZq5ozcOkAAAEJgZiREAGKmRmauaM3DpABABipmpmZqrnwAiUDQjIyMDcAI1dEAIauhADAuIVM1MCoAEhMDYSIjABAEEwAkmEwAUmEwAUmJTM1c0ZuHSAEADFTNTMzVXPgBEoGhGRkYG4ARq6IAQ1dCAGBcQmBqJERgBACCoGYqBmSgYkoGJKBiSgYkKmamZmqufACJQMiMjIwNQAjV0QAhq6EAMCwhUzUzAqAoABITA0EjMzABAMAIAEACFQMhUDEVAwFQLRUCwVApFQKBUCUVAlJQJCUCQlAkJQJBMwAQFwGCIyIzMzMB0AEiUCYlM1MAMAEhMCcAEVAlJQJSUCUlAlMDQiMzNVc+ACRgTAakZKZqYAxqrnQASFTNTAGNVc8AEQqZqYAxq6IAUhMCozUDgzA6ADACABFQKBMlAoMAU1dEAIJkZKBQYApq6IAQwBTVXPAAmroQAgHxUCAVAdFQHSUBwlAcJQHCUBwhUzUzM1Vz4AxKA6RkZGBAAEauiAINXQgDgLkKmamAGACQmA+JGYAIAgAQqA6KgOEZmZmAoACRKZGZq5ozcOkAAAGKmamZmqufACJQHyMjIwIgAjV0QAhq6EAMBkhUzUwFQASEwIRIiIwAwBRMAJJhMAFJhMAFJiUyMzVzRm4dIAIAQVM1MzNVc+AGSgQEZGRgRgBGrogBTV0IAgDRCpmpgEAAkJgRCRERgAgCiYASTCYAKTCYAKTEpkZmrmjNw6QAgAoqZqZmaq58AQlAhIyMjAkACNXRADGroQBQGyFTNTAVABITAjEiIjACAFEwAkmEwAUmEwAUmJTM1c0ZuHSAGAFFTNTMzVXPgCEoEJGRkYEgARq6IAY1dCAKA2QqZqYBAAJCYEYkREYAgAoqBCKgQCoEBKA4SgOEoDhKA4RmZmYCYAJEpkZmrmjNw6QAAAYqZqZmaq58AIlAeIyMjAhACNXRACGroQAwGCFTNTASABITAgEiIiIjAFAIEwAkmEwAUmEwAUmJTIzNXNGbh0gAgBBUzUzM1Vz4AZKA+RkZGBEAEauiAFNXQgCAMkKmamAmACQmBCJERERGAOAQJgBJMJgApMJgApMSmRmauaM3DpACACipmpmZqrnwBCUCAjAhMwMTV0IApq6IAUBohNQASJTNTAWACIVM1MzNVc+AESgSEZGRgTgBGrogBDV0IAYDxCpmpgNAAkJgTCRERERmAMAUAQJgDJMJgCpMJgCJMJgApMJgApMSmRmauaM3DpADADCpmpmZqrnwBSUCEjAiMwMjV0IAxq6IAYBshNQASJTNTAZACIVM1MzNVc+AESgSkZGRgUABGrogBDV0IAYD5CpmpgNgAkJgTiRERERmAEAUAQJgDJMJgCpMJgCJMJgApMJgApMSmRmauaM3DpAEADipmpmZqrnwBiUCIjAjMwMzV0IA5q6IAcBwhNQASJTNTAaACIVM1MzNVc+AESgTEZGRgUgBGrogBDV0IAYEBCpmpgOgAkJgUCRERERmACAUAQJgDJMJgCpMJgCJMJgApMJgApMSmZq5ozcOkAUAOJgRCREREQAgqZmrmjNw6QBgA4mBEJERERABioEJKA2SgNkoDZKA2RmZmYCQAJEpmauaM3DpAAABCpmpmZqrnwASUBwjAdMwLTV0IARq6IAIBYhNQASJTNTAHACIVM1MzNVc+AESgQEZGRgRgBGrogBDV0IAYDRCpmpgLgAkJgRCRmACAIAEKgQCoD4qA8KgNioDZKA0SgNEoDRKA0RmZmYCIAJEpmauaM3DpAAABCpmpmZqrnwASUBsjIyMB4AI1dEAGauhACAVIVM1MBEAEhMB0AEVAbFQGhUBolAZJQGSUBklAZFQFxUBQVAUJQEyUBMlATJQEwDUkQ9JbnZhbGlkIGNvbnRleHQAMzACIzMzMAoAEiUzNXNGbh0gAAAhMBQSIAIVMzVzRm4dIAIAITAUEiABFQEyUBIlASJQEiUBIA1JARBJbnZhbGlkIHJlZGVlbWVyADMwASMzMzAJABIlMzVzRm4dIAAAIVM1MzNVc+ACSgJkYChmBIauhACNXRABAGkJqACRKZqYBAARCpmpmZqrnwAiUBcjIyMBoAI1dEAIauhADARIVM1MA4AEhMBkSMwAQBAAhUBcVAWFQFRUBIVASJQESUBElARJQEQDUkEMSW52YWxpZCBkYXRhACIlM1MAMAIhABEwCwASMzMzAHABIlMzVzRm4dIAAAIVM1MzNVc+ACSgIkYCRmBEauhACNXRABAFkJqACRKZqYBAARCpmpmZqrnwAiUBUjIyMBgAI1dEAIauhADAPIVM1MwDQCQASEwFxIzABAEACFQFRUBQVATFQEBUBAlAPJQDyUA8lAPIzMzMAYAEiUyMzVzRm4dIAAAMVM1MzNVc+AESgIkZGRgKABGrogBDV0IAYBZCpmpgDAAkJgJiRGAEAGJgBJMJgApMJgApMSmZq5ozcOkAEAGKmamZmqufACJQESMBIzAiNXQgBmrogAwCyE1ABIlM1MAoAIhUzUzM1Vz4ARKAqRgLGYExq6EAM1dEAGAeQmoAJEpmpgHABEKmamZmqufACJQGSMjIwHAAjV0QAhq6EAMBMhUzUwEAASEwGxIjMwAQCQBQAxUBkVAYFQFxUBQVATFQEBUBAlAOJQDiUA4lAOIzMzMAUAEiUyMzVzRm4dIAAAMVM1MzNVc+AESgIEZGRgJgBGrogBDV0IAYBRCpmpgDAAkJgJCRGAEAGJgBJMJgApMJgApMSmZq5ozcOkAEAGKmamZmqufACJQECMjIwEwAjV0QAhq6EAMAohUzUwBgASEwEhIjABADFQEBUA8VAPJQDSUA0lANJQDSMzMzAEABIlANJQDCUAwlAMIwDQASMzMzADABIlAMJQCyUAsjAMABJQCyIzMzMAMAEiUzNXNGbh0gAgAhMA1QDBUzNXNGbh0gAAAhUzUzM1Vz4AJKAaRkZGAgAEauiADNXQgBADkKmamAKACQmAeYB4AIqAaKgGCoBhKAWSgFkoBZKAWREREZmZmaukAGIyMwBzVXOgAmqueABN1QA5GAKbqwByMAQ3WADkYAZutAHIwAjdcAOAQIAQmACkkDUFQ1ACMmM1c4ACAEJAAmAmRKZqACJAAkQmRGAEZuAABNQBCI1ABIiI1AEIjNQAiSAAJIAIwBAASEiMAIAMRIgATAQIlM1ABEBAiEyMA0wBjM1AIAHADABMAQAEwDyJTNQARAPIhM1AQNQAiIzAUACMzUAEjAMABIjM1AKAJACABIwDQATAEABIjM1c0ZuPACABAFAEEyIiMjIzATIlM1ABEAMiEzUBQAIwBAATACAEMAUzASIlM1ABEBIiEyUzU1ADIyIwAgCzAYIlM1ABEA8iE1ACIlM1MwEAAgBxASEwBgAxM1AUADABEAEwBAAQAjARIlM1ABEBEiEzUBI1ACIjIzAXADMAEAgwFyJTNQARNVASADIhNQAiJTNTMA8AIAgRIiMwAgCgBBMAYAMwBAATANIlM1ABEA0iEzUA41ACIjMBIAIwDQATAEABEiACEiABMAoiUzUAEQCiITNQCzUAIiMwDwAjAKABMAQAEwCSJTNQARAJIhM1AKNQAiIzAOACNVAIABMAQAEwCCJTNQARAIIhMjMAE1ADIjMA4AIzAPIlM1ABEA8iEzAHNQAiIzAUACMzUAEjNwCQAAAJEZuAACABIzcAkAAACYAgAIAJgCgBKASQkRGAGAIIkJERgAgCGAKRKZqACKQABEJqAERKZmrmjNx6RBAAAhMAcAETAGADMAQiUzUAEUgACITUAIiUzNXNGbj0iBAAAhABEwBgAxIgAhIhIjMAEAQAMiEjMAEAMAIjIwAQASIzADMAIAIAEB\\\"\\nThe script hash is:ScriptHash \\\"0c94045e4b90c0f041af70033c5944fac7c28e194be3aec9706a48db\\\"\\nThe plutus evaluation error is: CekError An error has occurred:  User error:\\nThe machine terminated part way through evaluation due to overspending the budget.\\nThe budget when the machine terminated was:\\n({cpu: -983816\\n| mem: 29794})\\nNegative numbers indicate the overspent budget; note that this only indicates the budget that was needed for the next step, not to run the program to completion.\\nThe protocol version is: Version 10\\nThe datum is: Constr 0 [Constr 0 [Constr 0 [B \\\"kZ\\\\193\\\\253\\\\160T\\\\181*\\\\137\\\\143\\\\ACK\\\\231$$7\\\\153\\\\238\\\\DC4H\\\\DELr\\\\197\\\\217o\\\\160\\\\194\\\\187\\\\&amp;2\\\"],Constr 0 [Constr 0 [Constr 0 [B \\\"\\\\159\\\\212t\\\\203JD]+G\\\\\\\"-\\\\234\\\\CAN!\\\\177Q\\\\197\\\\190\\\\183|u\\\\b\\\\183\\\\SOH\\\\184\\\\231\\\\144\\\\ETX\\\"]]]],I 10000000]\\nThe redeemer is: Constr 0 []\\nThe script context is:\\nPurpose: Spending (TxOutRef {txOutRefId = b10877931214258a9ea9162c8cdba4a48d9555a2e1f3e613f8898334375f1e9f, txOutRefIdx = 3})\\nTxInfo:\\n  TxId: 0ec4b0980c22f5fd366b0c8892aefdfeebab9c081bf3450c4adf7a2b2c50efa9\\n  Inputs: [ 5cf610c524b24077bdf139c9f6c172d148ed64b5283988ece461126ab4fe0eaf!0 -&gt; - Value {getValue = Map {unMap = [(,Map {unMap = [(\\\"\\\",5728364)]}),(c852933415a71b75a9750048be4bed695af8edb6117bcc233558575e,Map {unMap = [(\\\"TestToken\\\",2)]})]}} addressed to\\n                                                                                    PubKeyCredential: 6b5ac1fda054b52a898f06e724243799ee14487f72c5d96fa0c2bb32 (StakingHash PubKeyCredential: 9fd474cb4a445d2b47222dea1821b151c5beb77c7508b701b8e79003)\\n                                                                                    with datum\\n                                                                                    no datum\\n                                                                                    with referenceScript\\n\\n          , b10877931214258a9ea9162c8cdba4a48d9555a2e1f3e613f8898334375f1e9f!3 -&gt; - Value {getValue = Map {unMap = [(,Map {unMap = [(\\\"\\\",1461090)]}),(c852933415a71b75a9750048be4bed695af8edb6117bcc233558575e,Map {unMap = [(\\\"TestToken\\\",1)]})]}} addressed to\\n                                                                                    ScriptCredential: 0c94045e4b90c0f041af70033c5944fac7c28e194be3aec9706a48db (no staking credential)\\n                                                                                    with datum\\n                                                                                    inline datum :  &lt;&lt;&lt;a1rB/aBUtSqJjwbnJCQ3me4USH9yxdlvoMK7Mg==&gt;,\\n                                                                                    &lt;&lt;&lt;n9R0y0pEXStHIi3qGCGxUcW+t3x1CLcBuOeQAw==&gt;&gt;&gt;&gt;,\\n                                                                                    10000000&gt;\\n                                                                                    with referenceScript\\n\\n          , fd9bf450ffa42b9f0b2b6a9f310897de2b02ee6985efa7676d021ec7aae1627c!0 -&gt; - Value {getValue = Map {unMap = [(,Map {unMap = [(\\\"\\\",10000000)]})]}} addressed to\\n                                                                                    PubKeyCredential: 6b5ac1fda054b52a898f06e724243799ee14487f72c5d96fa0c2bb32 (StakingHash PubKeyCredential: 9fd474cb4a445d2b47222dea1821b151c5beb77c7508b701b8e79003)\\n                                                                                    with datum\\n                                                                                    no datum\\n                                                                                    with referenceScript\\n                                                                                     ]\\n  Reference inputs: [ 22666b5cef3996437ea72e2a27193bbeaa9f92c275dc39fcf01d57287b5f4aba!0 -&gt; - Value {getValue = Map {unMap = [(,Map {unMap = [(\\\"\\\",20726790)]})]}} addressed to\\n                                                                                              ScriptCredential: 0c94045e4b90c0f041af70033c5944fac7c28e194be3aec9706a48db (no staking credential)\\n                                                                                              with datum\\n                                                                                              no datum\\n                                                                                              with referenceScript\\n                                                                                              0c94045e4b90c0f041af70033c5944fac7c28e194be3aec9706a48db ]\\n  Outputs: [ - Value {getValue = Map {unMap = [(,Map {unMap = [(\\\"\\\",10000000)]})]}} addressed to\\n               PubKeyCredential: 6b5ac1fda054b52a898f06e724243799ee14487f72c5d96fa0c2bb32 (StakingHash PubKeyCredential: 9fd474cb4a445d2b47222dea1821b151c5beb77c7508b701b8e79003)\\n               with datum\\n               no datum\\n               with referenceScript\\n\\n           , - Value {getValue = Map {unMap = [(,Map {unMap = [(\\\"\\\",6439454)]}),(c852933415a71b75a9750048be4bed695af8edb6117bcc233558575e,Map {unMap = [(\\\"TestToken\\\",3)]})]}} addressed to\\n               PubKeyCredential: 6b5ac1fda054b52a898f06e724243799ee14487f72c5d96fa0c2bb32 (StakingHash PubKeyCredential: 9fd474cb4a445d2b47222dea1821b151c5beb77c7508b701b8e79003)\\n               with datum\\n               no datum\\n               with referenceScript\\n                ]\\n  Fee: Value {getValue = Map {unMap = [(,Map {unMap = [(\\\"\\\",750000)]})]}}\\n  Value minted: Value {getValue = Map {unMap = [(,Map {unMap = [(\\\"\\\",0)]})]}}\\n  DCerts: []\\n  Wdrl: []\\n  Valid range: (-\\8734 , +\\8734)\\n  Signatories: []\\n  Redeemers: [ ( Spending (TxOutRef {txOutRefId = b10877931214258a9ea9162c8cdba4a48d9555a2e1f3e613f8898334375f1e9f, txOutRefIdx = 3})\\n             , &lt;&gt; ) ]\\n  Datums: []\\n\" \"hgqCAVkR91kR9AEAADIyMyIyMjMiMjIyMyIyMjIyMyIyIiUyMjNTIyMjIyMjIyMjIyNQAyJTUAIiM1ACIyFTNQCBMlM1UzNXNGbh0gAjABIjMBo1ACIiIiIiIiAMSAAECAQHxUzNXNGbiDAmMjAcMwLCJTNQARAsIhMlM1NQAyIiNQBCIzUAIlMzVzRm48BAAETAnAGFQJiUCYhM1AvABACEAEwBAATUAEiIiIiIiIAowASIAIAYQHxAgEB9QBxU1AHIjUAIiIiIiIiIzUwDwBBAtECwwKSJTNQARAfIhUzNXNGbjwBQAhAiEwBAASFjMwAyMzMzALABIlMzVzRm4dIAAAIVM1MzNVc+ACSgKkYCxmBMauhACNXRABAHkJqACRKZkZGRkamZmZgKADESmZq5ozcOkAAAEKmamZmqufABJQHiMB8zAvNXQgBGrogAgGCE1ABIlMyMjIyMjUwAQByFTNTMzVXPgDkoE5GBQZgcGroQCDV0QBAEJCagAkSmamAKAEQqZqZmaq58AIlArIwLDMDw1dCAGauiADAlITUAEiUzUzAKALACIVM1MzNVc+AESgXkYGBmCAauhADNXRABgUkJqACRGRkZKZqYAIApCpmpmZqrnwBSUDYjA3MwRzV0IAxq6IAYDAhNQASJTNTAFACIVM1MzNVc+AESgdEYHZmCWauhADNXRABgaEJqACRKZqZgMgRgBEKmamZmqufACJQPiMD8zBPNXQgBmrogAwOCE1ABIlM1MzAgA0A3ACIVM1MzNVc+AESghEYIZmCmauhADNXRABgeEJqACRKZqZmZmB6AERKZmrmjNw6QAAAQqZqZmaq58AElBHIwSDMFg1dCAEauiACBBITUAEiUzIyNTMzMwRABCJTM1c0ZuHSAAACFTNTMzVXPgAkoJxGCeZgvmroQAjV0QAQJBCagAkSmamYA4I4ARCpmpmZqrnwAiUFIjIyMFUAI1dEAIauhADBMIVM1MAgAEhMFQSMwAQBAAhUFIVBRFQUBUE0VBNJQTCUEwlBMJQTCFTNTMzVXPgCEoJpGRkYKAARq6IAY1dCAKCOQqZqZmZmCMACRKZmrmjNw6QAAAQqZqZmaq58AElBQIwUTMGE1dCAEauiACBKITUAEiUzUzAJBJACIVM1MzNVc+AESgqEZGRgrgBGrogBDV0IAYJxCpmpgFAAkJgrCRmACAIAEKgqCoKYqCkKgnioJ5KCcSgnEoJxKCcQmCeJGYAIAgAQqCaKgmEZmZmCIACRKZmrmjNw6QAAAQmCcCmKmZq5ozcOkAEAEJgnAqCoJpKCYSgmEoJhKCYRGZmZgiAAkSmZq5ozcOkAAAEJgnCREAEKmRmauaM3DpABABipmpmZqrnwAiUE8jIyMFIAI1dEAIauhADBJIVM1MAYAEhMFESIjADAEEwAkmEwAUmEwAUmJTM1c0ZuHSAEADEwTxIiABFQTiUEwlBMJQTCUEwVBJFQRhUEYlBFJQRSUEUlBFIVM1MzNVc+AESgjEYI5mCuauhADNXRABggEJqACRKZqZgSgfABEKmamZmqufACJQSiMEszBbNXQgBmrogAwRCE1ABIlMyNTMwLQMwAQAyFTNTMzVXPgBkoJ5GCgZgwGroQBDV0QAgJJCagAkSmamYD4AoARCpmpmZqrnwAiUFMjIyMFYAI1dEAIauhADBNIVM1MDwAEhMFUSMzMzMzMzABAwAsAoAhAdAZAVARANAIAEACFQUxUFIVBRFQTiME4AEVBMFQSRUEgVBFFQRBUEEVBAFQPRUDwVA5FQOBUDUVA0MAEAIwEgKFAQFQLhUC0VAqFQKRUCYwASMzMzAeABIlMzVzRm4dIAAAIVM1MzNVc+ACSgUEYFJmByauhACNXRABAREJqACRKZqYCQARCpmpmZqrnwAiUCwjIyMC8AI1dEAIauhADAmIVM1MAoAEhMC4SMwAQBAAhUCwVArFQKhUCcVAnJQJiUCYlAmJQJiMiMzMzAfABIlAoJQJwAiUCclAnMDYiMzNVc+ACRgUAbkpmpgCGroQAiFTNTAENXRABkJgVGagcABAAioFAmSgUGAGauiACAhIzMzMBwAEiUzNXNGbh0gAAAhUzUzM1Vz4AJKBMRgTmYG5q6EAI1dEAEBAQmoAJEpmpgNgBEKmamZmqufACJQKiMCszA7NXQgBmrogAwJCE1ABIlM1MzAMAiUAsAIhUzUzM1Vz4ARKBcRgXmYH5q6EAM1dEAGBQQmoAJEpmpmZmYFIAREpmauaM3DpAAABCYGYkRABipkZmrmjNw6QAQAYqZqZmaq58AIlA0IyMjA3ACNXRACGroQAwLiFTNTAqABITA2EiIwAQBBMAJJhMAFJhMAFJiUzNXNGbh0gBAAxUzUzM1Vz4ARKBoRkZGBuAEauiAENXQgBgXEJgaiREYAQAgqBmKgZkoGJKBiSgYkoGJCpmpmZqrnwAiUDIjIyMDUAI1dEAIauhADAsIVM1MwKgKAASEwNBIzMwAQDACABAAhUDIVAxFQMBUC0VAsFQKRUCgVAlFQJSUCQlAkJQJCUCQTMAEBcBgiMiMzMzAdABIlAmJTNTADABITAnABFQJSUCUlAlJQJTA0IjMzVXPgAkYEwGpGSmamAMaq50AEhUzUwBjVXPABEKmamAMauiAFITAqM1A4MwOgAwAgARUCgTJQKDAFNXRACCZGSgUGAKauiAEMAU1VzwAJq6EAIB8VAgFQHRUB0lAcJQHCUBwlAcIVM1MzNVc+AMSgOkZGRgQABGrogCDV0IA4C5CpmpgBgAkJgPiRmACAIAEKgOioDhGZmZgKAAkSmRmauaM3DpAAABipmpmZqrnwAiUB8jIyMCIAI1dEAIauhADAZIVM1MBUAEhMCESIiMAMAUTACSYTABSYTABSYlMjM1c0ZuHSACAEFTNTMzVXPgBkoEBGRkYEYARq6IAU1dCAIA0QqZqYBAAJCYEQkREYAIAomAEkwmACkwmACkxKZGZq5ozcOkAIAKKmamZmqufAEJQISMjIwJAAjV0QAxq6EAUBshUzUwFQASEwIxIiIwAgBRMAJJhMAFJhMAFJiUzNXNGbh0gBgBRUzUzM1Vz4AhKBCRkZGBIAEauiAGNXQgCgNkKmamAQACQmBGJERGAIAKKgQioEAqBASgOEoDhKA4SgOEZmZmAmACRKZGZq5ozcOkAAAGKmamZmqufACJQHiMjIwIQAjV0QAhq6EAMBghUzUwEgASEwIBIiIiIwBQCBMAJJhMAFJhMAFJiUyMzVzRm4dIAIAQVM1MzNVc+AGSgPkZGRgRABGrogBTV0IAgDJCpmpgJgAkJgQiRERERgDgECYASTCYAKTCYAKTEpkZmrmjNw6QAgAoqZqZmaq58AQlAgIwITMDE1dCAKauiAFAaITUAEiUzUwFgAiFTNTMzVXPgBEoEhGRkYE4ARq6IAQ1dCAGA8QqZqYDQAJCYEwkREREZgDAFAECYAyTCYAqTCYAiTCYAKTCYAKTEpkZmrmjNw6QAwAwqZqZmaq58AUlAhIwIjMDI1dCAMauiAGAbITUAEiUzUwGQAiFTNTMzVXPgBEoEpGRkYFAARq6IAQ1dCAGA+QqZqYDYAJCYE4kREREZgBAFAECYAyTCYAqTCYAiTCYAKTCYAKTEpkZmrmjNw6QBAA4qZqZmaq58AYlAiIwIzMDM1dCAOauiAHAcITUAEiUzUwGgAiFTNTMzVXPgBEoExGRkYFIARq6IAQ1dCAGBAQqZqYDoAJCYFAkREREZgAgFAECYAyTCYAqTCYAiTCYAKTCYAKTEpmauaM3DpAFADiYEQkREREAIKmZq5ozcOkAYAOJgRCREREQAYqBCSgNkoDZKA2SgNkZmZmAkACRKZmrmjNw6QAAAQqZqZmaq58AElAcIwHTMC01dCAEauiACAWITUAEiUzUwBwAiFTNTMzVXPgBEoEBGRkYEYARq6IAQ1dCAGA0QqZqYC4AJCYEQkZgAgCABCoEAqA+KgPCoDYqA2SgNEoDRKA0SgNEZmZmAiACRKZmrmjNw6QAAAQqZqZmaq58AElAbIyMjAeACNXRABmroQAgFSFTNTARABITAdABFQGxUBoVAaJQGSUBklAZJQGRUBcVAUFQFCUBMlATJQEyUBMA1JEPSW52YWxpZCBjb250ZXh0ADMwAiMzMzAKABIlMzVzRm4dIAAAITAUEiACFTM1c0ZuHSACACEwFBIgARUBMlASJQEiUBIlASANSQEQSW52YWxpZCByZWRlZW1lcgAzMAEjMzMwCQASJTM1c0ZuHSAAACFTNTMzVXPgAkoCZGAoZgSGroQAjV0QAQBpCagAkSmamAQAEQqZqZmaq58AIlAXIyMjAaACNXRACGroQAwESFTNTAOABITAZEjMAEAQAIVAXFQFhUBUVASFQEiUBElARJQESUBEA1JBDEludmFsaWQgZGF0YQAiJTNTADACIQARMAsAEjMzMwBwASJTM1c0ZuHSAAACFTNTMzVXPgAkoCJGAkZgRGroQAjV0QAQBZCagAkSmamAQAEQqZqZmaq58AIlAVIyMjAYACNXRACGroQAwDyFTNTMA0AkAEhMBcSMwAQBAAhUBUVAUFQExUBAVAQJQDyUA8lAPJQDyMzMzAGABIlMjM1c0ZuHSAAADFTNTMzVXPgBEoCJGRkYCgARq6IAQ1dCAGAWQqZqYAwAJCYCYkRgBABiYASTCYAKTCYAKTEpmauaM3DpABABipmpmZqrnwAiUBEjASMwIjV0IAZq6IAMAshNQASJTNTAKACIVM1MzNVc+AESgKkYCxmBMauhADNXRABgHkJqACRKZqYBwARCpmpmZqrnwAiUBkjIyMBwAI1dEAIauhADATIVM1MBAAEhMBsSIzMAEAkAUAMVAZFQGBUBcVAUFQExUBAVAQJQDiUA4lAOJQDiMzMzAFABIlMjM1c0ZuHSAAADFTNTMzVXPgBEoCBGRkYCYARq6IAQ1dCAGAUQqZqYAwAJCYCQkRgBABiYASTCYAKTCYAKTEpmauaM3DpABABipmpmZqrnwAiUBAjIyMBMAI1dEAIauhADAKIVM1MAYAEhMBISIwAQAxUBAVAPFQDyUA0lANJQDSUA0jMzMwBAASJQDSUAwlAMJQDCMA0AEjMzMwAwASJQDCUAslALIwDAASUAsiMzMzADABIlMzVzRm4dIAIAITANUAwVMzVzRm4dIAAAIVM1MzNVc+ACSgGkZGRgIABGrogAzV0IAQA5CpmpgCgAkJgHmAeACKgGioBgqAYSgFkoBZKAWSgFkRERGZmZmrpABiMjMAc1VzoAJqrngATdUAORgCm6sAcjAEN1gA5GAGbrQByMAI3XADgECAEJgApJA1BUNQAjJjNXOAAgBCQAJgJkSmagAiQAJEJkRgBGbgAATUAQiNQASIiNQBCIzUAIkgACSACMAQAEhIjACADESIAEwECJTNQARAQIhMjANMAYzNQCABwAwATAEABMA8iUzUAEQDyITNQEDUAIiMwFAAjM1ABIwDAASIzNQCgCQAgASMA0AEwBAASIzNXNGbjwAgAQBQBBMiIjIyMwEyJTNQARADIhM1AUACMAQAEwAgBDAFMwEiJTNQARASIhMlM1NQAyMiMAIAswGCJTNQARAPIhNQAiJTNTMBAAIAcQEhMAYAMTNQFAAwARABMAQAEAIwESJTNQARARIhM1ASNQAiIyMwFwAzABAIMBciUzUAETVQEgAyITUAIiUzUzAPACAIESIjMAIAoAQTAGADMAQAEwDSJTNQARANIhM1AONQAiIzASACMA0AEwBAARIgAhIgATAKIlM1ABEAoiEzUAs1ACIjMA8AIwCgATAEABMAkiUzUAEQCSITNQCjUAIiMwDgAjVQCAATAEABMAgiUzUAEQCCITIzABNQAyIzAOACMwDyJTNQARAPIhMwBzUAIiMwFAAjM1ABIzcAkAAACRGbgAAgASM3AJAAAAmAIACACYAoASgEkJERgBgCCJCREYAIAhgCkSmagAikAARCagBESmZq5ozcekQQAAITAHABEwBgAzAEIlM1ABFIAAiE1ACIlMzVzRm49IgQAAIQARMAYAMSIAISISIzABAEADIhIzABADACIyMAEAEiMwAzACACABAVgcDJQEXkuQwPBBr3ADPFlE+sfCjhlL467JcGpI24PYeZ/YeZ/YeZ9YHGtawf2gVLUqiY8G5yQkN5nuFEh/csXZb6DCuzL/2Hmf2Hmf2HmfWByf1HTLSkRdK0ciLeoYIbFRxb63fHUItwG455AD/////xoAmJaA/9h5gNh5n9h5n5/YeZ/YeZ/YeZ9YIFz2EMUkskB3vfE5yfbBctFI7WS1KDmI7ORhEmq0/g6v/wD/2Hmf2Hmf2HmfWBxrWsH9oFS1KomPBuckJDeZ7hRIf3LF2W+gwrsy/9h5n9h5n9h5n1gcn9R0y0pEXStHIi3qGCGxUcW+t3x1CLcBuOeQA/////+iQKFAGgBXaGxYHMhSkzQVpxt1qXUASL5L7Wla+O22EXvMIzVYV16hSVRlc3RUb2tlbgLYeYDYeoD//9h5n9h5n9h5n1ggsQh3kxIUJYqeqRYsjNukpI2VVaLh8+YT+ImDNDdfHp//A//YeZ/YeZ/Yep9YHAyUBF5LkMDwQa9wAzxZRPrHwo4ZS+OuyXBqSNv/2HqA/6JAoUAaABZLYlgcyFKTNBWnG3WpdQBIvkvtaVr47bYRe8wjNVhXXqFJVGVzdFRva2VuAdh7n9h5n9h5n9h5n1gca1rB/aBUtSqJjwbnJCQ3me4USH9yxdlvoMK7Mv/YeZ/YeZ/YeZ9YHJ/UdMtKRF0rRyIt6hghsVHFvrd8dQi3AbjnkAP/////GgCYloD//9h6gP//2Hmf2Hmf2HmfWCD9m/RQ/6Qrnwsrap8xCJfeKwLuaYXvp2dtAh7HquFifP8A/9h5n9h5n9h5n1gca1rB/aBUtSqJjwbnJCQ3me4USH9yxdlvoMK7Mv/YeZ/YeZ/YeZ9YHJ/UdMtKRF0rRyIt6hghsVHFvrd8dQi3AbjnkAP/////oUChQBoAmJaA2HmA2HqA////n9h5n9h5n9h5n1ggImZrXO85lkN+py4qJxk7vqqfksJ13Dn88B1XKHtfSrr/AP/YeZ/YeZ/Yep9YHAyUBF5LkMDwQa9wAzxZRPrHwo4ZS+OuyXBqSNv/2HqA/6FAoUAaATxEBth5gNh5n1gcDJQEXkuQwPBBr3ADPFlE+sfCjhlL467JcGpI2/////+f2Hmf2Hmf2HmfWBxrWsH9oFS1KomPBuckJDeZ7hRIf3LF2W+gwrsy/9h5n9h5n9h5n1gcn9R0y0pEXStHIi3qGCGxUcW+t3x1CLcBuOeQA/////+hQKFAGgCYloDYeYDYeoD/2Hmf2Hmf2HmfWBxrWsH9oFS1KomPBuckJDeZ7hRIf3LF2W+gwrsy/9h5n9h5n9h5n1gcn9R0y0pEXStHIi3qGCGxUcW+t3x1CLcBuOeQA/////+iQKFAGgBiQh5YHMhSkzQVpxt1qXUASL5L7Wla+O22EXvMIzVYV16hSVRlc3RUb2tlbgPYeYDYeoD//6FAoUAaAAtxsKFAoUAAgKDYeZ/YeZ/YeYDYeoD/2Hmf2HuA2HqA//+Aodh6n9h5n9h5n1ggsQh3kxIUJYqeqRYsjNukpI2VVaLh8+YT+ImDNDdfHp//A///2HmAoNh5n1ggDsSwmAwi9f02awyIkq79/uurnAgb80UMSt96KyxQ76n//9h6n9h5n9h5n1ggsQh3kxIUJYqeqRYsjNukpI2VVaLh8+YT+ImDNDdfHp//A////4IaACD0eBoiZBvqmK8aAAMjYRkDLAEBGQPoGQI7AAEZA+gZXnEEARkD6BggGgABynYZKOsEGVnYGGQZWdgYZBlZ2BhkGVnYGGQZWdgYZBlZ2BhkGGQYZBlZ2BhkGUxRGCAaAAKs+hggGbVRBBoAA2MVGQH/AAEaAAFcNRggGgAHl3UZNvQEAhoAAv+UGgAG6ngY3AABARkD6Blv9gQCGgADvQgaAANOxRg+ARoAEC4PGTEqARoAAy6AGQGlARoAAtp4GQPoGc8GARoAATo0GCAZqPEYIBkD6BggGgABOqwBGeFDBBkD6AoaAAMCGRicARoAAwIZGJwBGgADIHwZAdkBGgADMAAZAf8BGczzGCAZ/UAYIBn/1RggGVgeGCAZQLMYIBoAASrfGCAaAAL/lBoABup4GNwAAQEaAAEPkhktpwABGeq7GCAaAAL/lBoABup4GNwAAQEaAAL/lBoABup4GNwAAQEaABGyLBoABf3eAAIaAAxQThl3EgQaAB1q9hoAAUJbBBoABAxmAAQAGgABT6sYIBoAAyNhGQMsAQEZoN4YIBoAAz12GCAZefQYIBl/uBggGaldGCAZffcYIBmVqhggGgIjrMwKGgN09pMZSh8KGgJRXoQZgLMK\" :| []))))) :| []))"</failure></testcase><testcase file="test/Test/TestStorySimpleMarket.hs" line="140" name="Should withdraw 1 token from sale with reference script" classname="SimpleMarketPlaceFlow" time="0.121179649"><failure type="error">test/Test/TestStorySimpleMarket.hs:140:12
predicate failed on: Left FrameworkError: TxSubmissionError: "ShelleyTxValidationError ShelleyBasedEraConway (ApplyTxError (ConwayUtxowFailure (UtxoFailure (UtxosFailure (ValidationTagMismatch (IsValid True) (FailedUnexpectedly (PlutusFailure \"\\nThe PlutusV2 script failed:\\nBase64-encoded script bytes:\\n\\\"WRH0AQAAMjIzIjIyMyIyMjIzIjIyMjIzIjIiJTIyM1MjIyMjIyMjIyMjI1ADIlNQAiIzUAIjIVM1AIEyUzVTM1c0ZuHSACMAEiMwGjUAIiIiIiIiIAxIAAQIBAfFTM1c0ZuIMCYyMBwzAsIlM1ABECwiEyUzU1ADIiI1AEIjNQAiUzNXNGbjwEAARMCcAYVAmJQJiEzUC8AEAIQATAEABNQASIiIiIiIgCjABIgAgBhAfECAQH1AHFTUAciNQAiIiIiIiIjNTAPAEEC0QLDApIlM1ABEB8iFTM1c0ZuPAFACECITAEABIWMzADIzMzMAsAEiUzNXNGbh0gAAAhUzUzM1Vz4AJKAqRgLGYExq6EAI1dEAEAeQmoAJEpmRkZGRqZmZmAoAMRKZmrmjNw6QAAAQqZqZmaq58AElAeIwHzMC81dCAEauiACAYITUAEiUzIyMjIyNTABAHIVM1MzNVc+AOSgTkYFBmBwauhAINXRAEAQkJqACRKZqYAoARCpmpmZqrnwAiUCsjAsMwPDV0IAZq6IAMCUhNQASJTNTMAoAsAIhUzUzM1Vz4ARKBeRgYGYIBq6EAM1dEAGBSQmoAJEZGRkpmpgAgCkKmamZmqufAFJQNiMDczBHNXQgDGrogBgMCE1ABIlM1MAUAIhUzUzM1Vz4ARKB0RgdmYJZq6EAM1dEAGBoQmoAJEpmpmAyBGAEQqZqZmaq58AIlA+IwPzME81dCAGauiADA4ITUAEiUzUzMCADQDcAIhUzUzM1Vz4ARKCERghmYKZq6EAM1dEAGB4QmoAJEpmpmZmYHoAREpmauaM3DpAAABCpmpmZqrnwASUEcjBIMwWDV0IARq6IAIEEhNQASJTMjI1MzMzBEAEIlMzVzRm4dIAAAIVM1MzNVc+ACSgnEYJ5mC+auhACNXRABAkEJqACRKZqZgDgjgBEKmamZmqufACJQUiMjIwVQAjV0QAhq6EAMEwhUzUwCAASEwVBIzABAEACFQUhUFEVBQFQTRUE0lBMJQTCUEwlBMIVM1MzNVc+AISgmkZGRgoABGrogBjV0IAoI5CpmpmZmYIwAJEpmauaM3DpAAABCpmpmZqrnwASUFAjBRMwYTV0IARq6IAIEohNQASJTNTMAkEkAIhUzUzM1Vz4ARKCoRkZGCuAEauiAENXQgBgnEKmamAUACQmCsJGYAIAgAQqCoKgpioKQqCeKgnkoJxKCcSgnEoJxCYJ4kZgAgCABCoJoqCYRmZmYIgAJEpmauaM3DpAAABCYJwKYqZmrmjNw6QAQAQmCcCoKgmkoJhKCYSgmEoJhEZmZmCIACRKZmrmjNw6QAAAQmCcJEQAQqZGZq5ozcOkAEAGKmamZmqufACJQTyMjIwUgAjV0QAhq6EAMEkhUzUwBgASEwURIiMAMAQTACSYTABSYTABSYlMzVzRm4dIAQAMTBPEiIAEVBOJQTCUEwlBMJQTBUEkVBGFQRiUEUlBFJQRSUEUhUzUzM1Vz4ARKCMRgjmYK5q6EAM1dEAGCAQmoAJEpmpmBKB8AEQqZqZmaq58AIlBKIwSzMFs1dCAGauiADBEITUAEiUzI1MzAtAzABADIVM1MzNVc+AGSgnkYKBmDAauhAENXRACAkkJqACRKZqZgPgCgBEKmamZmqufACJQUyMjIwVgAjV0QAhq6EAME0hUzUwPAASEwVRIzMzMzMzMAEDACwCgCEB0BkBUBEA0AgAQAIVBTFQUhUFEVBOIwTgARUEwVBJFQSBUEUVBEFQQRUEAVA9FQPBUDkVA4FQNRUDQwAQAjASAoUBAVAuFQLRUCoVApFQJjABIzMzMB4AEiUzNXNGbh0gAAAhUzUzM1Vz4AJKBQRgUmYHJq6EAI1dEAEBEQmoAJEpmpgJABEKmamZmqufACJQLCMjIwLwAjV0QAhq6EAMCYhUzUwCgASEwLhIzABAEACFQLBUCsVAqFQJxUCclAmJQJiUCYlAmIyIzMzMB8AEiUCglAnACJQJyUCcwNiIzM1Vz4AJGBQBuSmamAIauhACIVM1MAQ1dEAGQmBUZqBwAEACKgUCZKBQYAZq6IAICEjMzMwHAASJTM1c0ZuHSAAACFTNTMzVXPgAkoExGBOZgbmroQAjV0QAQEBCagAkSmamA2AEQqZqZmaq58AIlAqIwKzMDs1dCAGauiADAkITUAEiUzUzMAwCJQCwAiFTNTMzVXPgBEoFxGBeZgfmroQAzV0QAYFBCagAkSmamZmZgUgBESmZq5ozcOkAAAEJgZiREAGKmRmauaM3DpABABipmpmZqrnwAiUDQjIyMDcAI1dEAIauhADAuIVM1MCoAEhMDYSIjABAEEwAkmEwAUmEwAUmJTM1c0ZuHSAEADFTNTMzVXPgBEoGhGRkYG4ARq6IAQ1dCAGBcQmBqJERgBACCoGYqBmSgYkoGJKBiSgYkKmamZmqufACJQMiMjIwNQAjV0QAhq6EAMCwhUzUzAqAoABITA0EjMzABAMAIAEACFQMhUDEVAwFQLRUCwVApFQKBUCUVAlJQJCUCQlAkJQJBMwAQFwGCIyIzMzMB0AEiUCYlM1MAMAEhMCcAEVAlJQJSUCUlAlMDQiMzNVc+ACRgTAakZKZqYAxqrnQASFTNTAGNVc8AEQqZqYAxq6IAUhMCozUDgzA6ADACABFQKBMlAoMAU1dEAIJkZKBQYApq6IAQwBTVXPAAmroQAgHxUCAVAdFQHSUBwlAcJQHCUBwhUzUzM1Vz4AxKA6RkZGBAAEauiAINXQgDgLkKmamAGACQmA+JGYAIAgAQqA6KgOEZmZmAoACRKZGZq5ozcOkAAAGKmamZmqufACJQHyMjIwIgAjV0QAhq6EAMBkhUzUwFQASEwIRIiIwAwBRMAJJhMAFJhMAFJiUyMzVzRm4dIAIAQVM1MzNVc+AGSgQEZGRgRgBGrogBTV0IAgDRCpmpgEAAkJgRCRERgAgCiYASTCYAKTCYAKTEpkZmrmjNw6QAgAoqZqZmaq58AQlAhIyMjAkACNXRADGroQBQGyFTNTAVABITAjEiIjACAFEwAkmEwAUmEwAUmJTM1c0ZuHSAGAFFTNTMzVXPgCEoEJGRkYEgARq6IAY1dCAKA2QqZqYBAAJCYEYkREYAgAoqBCKgQCoEBKA4SgOEoDhKA4RmZmYCYAJEpkZmrmjNw6QAAAYqZqZmaq58AIlAeIyMjAhACNXRACGroQAwGCFTNTASABITAgEiIiIjAFAIEwAkmEwAUmEwAUmJTIzNXNGbh0gAgBBUzUzM1Vz4AZKA+RkZGBEAEauiAFNXQgCAMkKmamAmACQmBCJERERGAOAQJgBJMJgApMJgApMSmRmauaM3DpACACipmpmZqrnwBCUCAjAhMwMTV0IApq6IAUBohNQASJTNTAWACIVM1MzNVc+AESgSEZGRgTgBGrogBDV0IAYDxCpmpgNAAkJgTCRERERmAMAUAQJgDJMJgCpMJgCJMJgApMJgApMSmRmauaM3DpADADCpmpmZqrnwBSUCEjAiMwMjV0IAxq6IAYBshNQASJTNTAZACIVM1MzNVc+AESgSkZGRgUABGrogBDV0IAYD5CpmpgNgAkJgTiRERERmAEAUAQJgDJMJgCpMJgCJMJgApMJgApMSmRmauaM3DpAEADipmpmZqrnwBiUCIjAjMwMzV0IA5q6IAcBwhNQASJTNTAaACIVM1MzNVc+AESgTEZGRgUgBGrogBDV0IAYEBCpmpgOgAkJgUCRERERmACAUAQJgDJMJgCpMJgCJMJgApMJgApMSmZq5ozcOkAUAOJgRCREREQAgqZmrmjNw6QBgA4mBEJERERABioEJKA2SgNkoDZKA2RmZmYCQAJEpmauaM3DpAAABCpmpmZqrnwASUBwjAdMwLTV0IARq6IAIBYhNQASJTNTAHACIVM1MzNVc+AESgQEZGRgRgBGrogBDV0IAYDRCpmpgLgAkJgRCRmACAIAEKgQCoD4qA8KgNioDZKA0SgNEoDRKA0RmZmYCIAJEpmauaM3DpAAABCpmpmZqrnwASUBsjIyMB4AI1dEAGauhACAVIVM1MBEAEhMB0AEVAbFQGhUBolAZJQGSUBklAZFQFxUBQVAUJQEyUBMlATJQEwDUkQ9JbnZhbGlkIGNvbnRleHQAMzACIzMzMAoAEiUzNXNGbh0gAAAhMBQSIAIVMzVzRm4dIAIAITAUEiABFQEyUBIlASJQEiUBIA1JARBJbnZhbGlkIHJlZGVlbWVyADMwASMzMzAJABIlMzVzRm4dIAAAIVM1MzNVc+ACSgJkYChmBIauhACNXRABAGkJqACRKZqYBAARCpmpmZqrnwAiUBcjIyMBoAI1dEAIauhADARIVM1MA4AEhMBkSMwAQBAAhUBcVAWFQFRUBIVASJQESUBElARJQEQDUkEMSW52YWxpZCBkYXRhACIlM1MAMAIhABEwCwASMzMzAHABIlMzVzRm4dIAAAIVM1MzNVc+ACSgIkYCRmBEauhACNXRABAFkJqACRKZqYBAARCpmpmZqrnwAiUBUjIyMBgAI1dEAIauhADAPIVM1MwDQCQASEwFxIzABAEACFQFRUBQVATFQEBUBAlAPJQDyUA8lAPIzMzMAYAEiUyMzVzRm4dIAAAMVM1MzNVc+AESgIkZGRgKABGrogBDV0IAYBZCpmpgDAAkJgJiRGAEAGJgBJMJgApMJgApMSmZq5ozcOkAEAGKmamZmqufACJQESMBIzAiNXQgBmrogAwCyE1ABIlM1MAoAIhUzUzM1Vz4ARKAqRgLGYExq6EAM1dEAGAeQmoAJEpmpgHABEKmamZmqufACJQGSMjIwHAAjV0QAhq6EAMBMhUzUwEAASEwGxIjMwAQCQBQAxUBkVAYFQFxUBQVATFQEBUBAlAOJQDiUA4lAOIzMzMAUAEiUyMzVzRm4dIAAAMVM1MzNVc+AESgIEZGRgJgBGrogBDV0IAYBRCpmpgDAAkJgJCRGAEAGJgBJMJgApMJgApMSmZq5ozcOkAEAGKmamZmqufACJQECMjIwEwAjV0QAhq6EAMAohUzUwBgASEwEhIjABADFQEBUA8VAPJQDSUA0lANJQDSMzMzAEABIlANJQDCUAwlAMIwDQASMzMzADABIlAMJQCyUAsjAMABJQCyIzMzMAMAEiUzNXNGbh0gAgAhMA1QDBUzNXNGbh0gAAAhUzUzM1Vz4AJKAaRkZGAgAEauiADNXQgBADkKmamAKACQmAeYB4AIqAaKgGCoBhKAWSgFkoBZKAWREREZmZmaukAGIyMwBzVXOgAmqueABN1QA5GAKbqwByMAQ3WADkYAZutAHIwAjdcAOAQIAQmACkkDUFQ1ACMmM1c4ACAEJAAmAmRKZqACJAAkQmRGAEZuAABNQBCI1ABIiI1AEIjNQAiSAAJIAIwBAASEiMAIAMRIgATAQIlM1ABEBAiEyMA0wBjM1AIAHADABMAQAEwDyJTNQARAPIhM1AQNQAiIzAUACMzUAEjAMABIjM1AKAJACABIwDQATAEABIjM1c0ZuPACABAFAEEyIiMjIzATIlM1ABEAMiEzUBQAIwBAATACAEMAUzASIlM1ABEBIiEyUzU1ADIyIwAgCzAYIlM1ABEA8iE1ACIlM1MwEAAgBxASEwBgAxM1AUADABEAEwBAAQAjARIlM1ABEBEiEzUBI1ACIjIzAXADMAEAgwFyJTNQARNVASADIhNQAiJTNTMA8AIAgRIiMwAgCgBBMAYAMwBAATANIlM1ABEA0iEzUA41ACIjMBIAIwDQATAEABEiACEiABMAoiUzUAEQCiITNQCzUAIiMwDwAjAKABMAQAEwCSJTNQARAJIhM1AKNQAiIzAOACNVAIABMAQAEwCCJTNQARAIIhMjMAE1ADIjMA4AIzAPIlM1ABEA8iEzAHNQAiIzAUACMzUAEjNwCQAAAJEZuAACABIzcAkAAACYAgAIAJgCgBKASQkRGAGAIIkJERgAgCGAKRKZqACKQABEJqAERKZmrmjNx6RBAAAhMAcAETAGADMAQiUzUAEUgACITUAIiUzNXNGbj0iBAAAhABEwBgAxIgAhIhIjMAEAQAMiEjMAEAMAIjIwAQASIzADMAIAIAEB\\\"\\nThe script hash is:ScriptHash \\\"0c94045e4b90c0f041af70033c5944fac7c28e194be3aec9706a48db\\\"\\nThe plutus evaluation error is: CekError An error has occurred:  User error:\\nThe machine terminated part way through evaluation due to overspending the budget.\\nThe budget when the machine terminated was:\\n({cpu: 649904\\n| mem: -1032})\\nNegative numbers indicate the overspent budget; note that this only indicates the budget that was needed for the next step, not to run the program to completion.\\nThe protocol version is: Version 10\\nThe datum is: Constr 0 [Constr 0 [Constr 0 [B \\\"kZ\\\\193\\\\253\\\\160T\\\\181*\\\\137\\\\143\\\\ACK\\\\231$$7\\\\153\\\\238\\\\DC4H\\\\DELr\\\\197\\\\217o\\\\160\\\\194\\\\187\\\\&amp;2\\\"],Constr 0 [Constr 0 [Constr 0 [B \\\"\\\\159\\\\212t\\\\203JD]+G\\\\\\\"-\\\\234\\\\CAN!\\\\177Q\\\\197\\\\190\\\\183|u\\\\b\\\\183\\\\SOH\\\\184\\\\231\\\\144\\\\ETX\\\"]]]],I 10000000]\\nThe redeemer is: Constr 1 []\\nThe script context is:\\nPurpose: Spending (TxOutRef {txOutRefId = b10877931214258a9ea9162c8cdba4a48d9555a2e1f3e613f8898334375f1e9f, txOutRefIdx = 2})\\nTxInfo:\\n  TxId: 1aabb9a5d39f7f1c981ddab17f786235779688ff9ee929b244574db0a8383fd4\\n  Inputs: [ 5cf610c524b24077bdf139c9f6c172d148ed64b5283988ece461126ab4fe0eaf!0 -&gt; - Value {getValue = Map {unMap = [(,Map {unMap = [(\\\"\\\",5728364)]}),(c852933415a71b75a9750048be4bed695af8edb6117bcc233558575e,Map {unMap = [(\\\"TestToken\\\",2)]})]}} addressed to\\n                                                                                    PubKeyCredential: 6b5ac1fda054b52a898f06e724243799ee14487f72c5d96fa0c2bb32 (StakingHash PubKeyCredential: 9fd474cb4a445d2b47222dea1821b151c5beb77c7508b701b8e79003)\\n                                                                                    with datum\\n                                                                                    no datum\\n                                                                                    with referenceScript\\n\\n          , b10877931214258a9ea9162c8cdba4a48d9555a2e1f3e613f8898334375f1e9f!2 -&gt; - Value {getValue = Map {unMap = [(,Map {unMap = [(\\\"\\\",1461090)]}),(c852933415a71b75a9750048be4bed695af8edb6117bcc233558575e,Map {unMap = [(\\\"TestToken\\\",1)]})]}} addressed to\\n                                                                                    ScriptCredential: 0c94045e4b90c0f041af70033c5944fac7c28e194be3aec9706a48db (no staking credential)\\n                                                                                    with datum\\n                                                                                    inline datum :  &lt;&lt;&lt;a1rB/aBUtSqJjwbnJCQ3me4USH9yxdlvoMK7Mg==&gt;,\\n                                                                                    &lt;&lt;&lt;n9R0y0pEXStHIi3qGCGxUcW+t3x1CLcBuOeQAw==&gt;&gt;&gt;&gt;,\\n                                                                                    10000000&gt;\\n                                                                                    with referenceScript\\n                                                                                     ]\\n  Reference inputs: [ 22666b5cef3996437ea72e2a27193bbeaa9f92c275dc39fcf01d57287b5f4aba!0 -&gt; - Value {getValue = Map {unMap = [(,Map {unMap = [(\\\"\\\",20726790)]})]}} addressed to\\n                                                                                              ScriptCredential: 0c94045e4b90c0f041af70033c5944fac7c28e194be3aec9706a48db (no staking credential)\\n                                                                                              with datum\\n                                                                                              no datum\\n                                                                                              with referenceScript\\n                                                                                              0c94045e4b90c0f041af70033c5944fac7c28e194be3aec9706a48db ]\\n  Outputs: [ - Value {getValue = Map {unMap = [(,Map {unMap = [(\\\"\\\",6439454)]}),(c852933415a71b75a9750048be4bed695af8edb6117bcc233558575e,Map {unMap = [(\\\"TestToken\\\",3)]})]}} addressed to\\n               PubKeyCredential: 6b5ac1fda054b52a898f06e724243799ee14487f72c5d96fa0c2bb32 (StakingHash PubKeyCredential: 9fd474cb4a445d2b47222dea1821b151c5beb77c7508b701b8e79003)\\n               with datum\\n               no datum\\n               with referenceScript\\n                ]\\n  Fee: Value {getValue = Map {unMap = [(,Map {unMap = [(\\\"\\\",750000)]})]}}\\n  Value minted: Value {getValue = Map {unMap = [(,Map {unMap = [(\\\"\\\",0)]})]}}\\n  DCerts: []\\n  Wdrl: []\\n  Valid range: (-\\8734 , +\\8734)\\n  Signatories: [6b5ac1fda054b52a898f06e724243799ee14487f72c5d96fa0c2bb32]\\n  Redeemers: [ ( Spending (TxOutRef {txOutRefId = b10877931214258a9ea9162c8cdba4a48d9555a2e1f3e613f8898334375f1e9f, txOutRefIdx = 2})\\n             , &lt;&gt; ) ]\\n  Datums: []\\n\" \"hgqCAVkR91kR9AEAADIyMyIyMjMiMjIyMyIyMjIyMyIyIiUyMjNTIyMjIyMjIyMjIyNQAyJTUAIiM1ACIyFTNQCBMlM1UzNXNGbh0gAjABIjMBo1ACIiIiIiIiAMSAAECAQHxUzNXNGbiDAmMjAcMwLCJTNQARAsIhMlM1NQAyIiNQBCIzUAIlMzVzRm48BAAETAnAGFQJiUCYhM1AvABACEAEwBAATUAEiIiIiIiIAowASIAIAYQHxAgEB9QBxU1AHIjUAIiIiIiIiIzUwDwBBAtECwwKSJTNQARAfIhUzNXNGbjwBQAhAiEwBAASFjMwAyMzMzALABIlMzVzRm4dIAAAIVM1MzNVc+ACSgKkYCxmBMauhACNXRABAHkJqACRKZkZGRkamZmZgKADESmZq5ozcOkAAAEKmamZmqufABJQHiMB8zAvNXQgBGrogAgGCE1ABIlMyMjIyMjUwAQByFTNTMzVXPgDkoE5GBQZgcGroQCDV0QBAEJCagAkSmamAKAEQqZqZmaq58AIlArIwLDMDw1dCAGauiADAlITUAEiUzUzAKALACIVM1MzNVc+AESgXkYGBmCAauhADNXRABgUkJqACRGRkZKZqYAIApCpmpmZqrnwBSUDYjA3MwRzV0IAxq6IAYDAhNQASJTNTAFACIVM1MzNVc+AESgdEYHZmCWauhADNXRABgaEJqACRKZqZgMgRgBEKmamZmqufACJQPiMD8zBPNXQgBmrogAwOCE1ABIlM1MzAgA0A3ACIVM1MzNVc+AESghEYIZmCmauhADNXRABgeEJqACRKZqZmZmB6AERKZmrmjNw6QAAAQqZqZmaq58AElBHIwSDMFg1dCAEauiACBBITUAEiUzIyNTMzMwRABCJTM1c0ZuHSAAACFTNTMzVXPgAkoJxGCeZgvmroQAjV0QAQJBCagAkSmamYA4I4ARCpmpmZqrnwAiUFIjIyMFUAI1dEAIauhADBMIVM1MAgAEhMFQSMwAQBAAhUFIVBRFQUBUE0VBNJQTCUEwlBMJQTCFTNTMzVXPgCEoJpGRkYKAARq6IAY1dCAKCOQqZqZmZmCMACRKZmrmjNw6QAAAQqZqZmaq58AElBQIwUTMGE1dCAEauiACBKITUAEiUzUzAJBJACIVM1MzNVc+AESgqEZGRgrgBGrogBDV0IAYJxCpmpgFAAkJgrCRmACAIAEKgqCoKYqCkKgnioJ5KCcSgnEoJxKCcQmCeJGYAIAgAQqCaKgmEZmZmCIACRKZmrmjNw6QAAAQmCcCmKmZq5ozcOkAEAEJgnAqCoJpKCYSgmEoJhKCYRGZmZgiAAkSmZq5ozcOkAAAEJgnCREAEKmRmauaM3DpABABipmpmZqrnwAiUE8jIyMFIAI1dEAIauhADBJIVM1MAYAEhMFESIjADAEEwAkmEwAUmEwAUmJTM1c0ZuHSAEADEwTxIiABFQTiUEwlBMJQTCUEwVBJFQRhUEYlBFJQRSUEUlBFIVM1MzNVc+AESgjEYI5mCuauhADNXRABggEJqACRKZqZgSgfABEKmamZmqufACJQSiMEszBbNXQgBmrogAwRCE1ABIlMyNTMwLQMwAQAyFTNTMzVXPgBkoJ5GCgZgwGroQBDV0QAgJJCagAkSmamYD4AoARCpmpmZqrnwAiUFMjIyMFYAI1dEAIauhADBNIVM1MDwAEhMFUSMzMzMzMzABAwAsAoAhAdAZAVARANAIAEACFQUxUFIVBRFQTiME4AEVBMFQSRUEgVBFFQRBUEEVBAFQPRUDwVA5FQOBUDUVA0MAEAIwEgKFAQFQLhUC0VAqFQKRUCYwASMzMzAeABIlMzVzRm4dIAAAIVM1MzNVc+ACSgUEYFJmByauhACNXRABAREJqACRKZqYCQARCpmpmZqrnwAiUCwjIyMC8AI1dEAIauhADAmIVM1MAoAEhMC4SMwAQBAAhUCwVArFQKhUCcVAnJQJiUCYlAmJQJiMiMzMzAfABIlAoJQJwAiUCclAnMDYiMzNVc+ACRgUAbkpmpgCGroQAiFTNTAENXRABkJgVGagcABAAioFAmSgUGAGauiACAhIzMzMBwAEiUzNXNGbh0gAAAhUzUzM1Vz4AJKBMRgTmYG5q6EAI1dEAEBAQmoAJEpmpgNgBEKmamZmqufACJQKiMCszA7NXQgBmrogAwJCE1ABIlM1MzAMAiUAsAIhUzUzM1Vz4ARKBcRgXmYH5q6EAM1dEAGBQQmoAJEpmpmZmYFIAREpmauaM3DpAAABCYGYkRABipkZmrmjNw6QAQAYqZqZmaq58AIlA0IyMjA3ACNXRACGroQAwLiFTNTAqABITA2EiIwAQBBMAJJhMAFJhMAFJiUzNXNGbh0gBAAxUzUzM1Vz4ARKBoRkZGBuAEauiAENXQgBgXEJgaiREYAQAgqBmKgZkoGJKBiSgYkoGJCpmpmZqrnwAiUDIjIyMDUAI1dEAIauhADAsIVM1MwKgKAASEwNBIzMwAQDACABAAhUDIVAxFQMBUC0VAsFQKRUCgVAlFQJSUCQlAkJQJCUCQTMAEBcBgiMiMzMzAdABIlAmJTNTADABITAnABFQJSUCUlAlJQJTA0IjMzVXPgAkYEwGpGSmamAMaq50AEhUzUwBjVXPABEKmamAMauiAFITAqM1A4MwOgAwAgARUCgTJQKDAFNXRACCZGSgUGAKauiAEMAU1VzwAJq6EAIB8VAgFQHRUB0lAcJQHCUBwlAcIVM1MzNVc+AMSgOkZGRgQABGrogCDV0IA4C5CpmpgBgAkJgPiRmACAIAEKgOioDhGZmZgKAAkSmRmauaM3DpAAABipmpmZqrnwAiUB8jIyMCIAI1dEAIauhADAZIVM1MBUAEhMCESIiMAMAUTACSYTABSYTABSYlMjM1c0ZuHSACAEFTNTMzVXPgBkoEBGRkYEYARq6IAU1dCAIA0QqZqYBAAJCYEQkREYAIAomAEkwmACkwmACkxKZGZq5ozcOkAIAKKmamZmqufAEJQISMjIwJAAjV0QAxq6EAUBshUzUwFQASEwIxIiIwAgBRMAJJhMAFJhMAFJiUzNXNGbh0gBgBRUzUzM1Vz4AhKBCRkZGBIAEauiAGNXQgCgNkKmamAQACQmBGJERGAIAKKgQioEAqBASgOEoDhKA4SgOEZmZmAmACRKZGZq5ozcOkAAAGKmamZmqufACJQHiMjIwIQAjV0QAhq6EAMBghUzUwEgASEwIBIiIiIwBQCBMAJJhMAFJhMAFJiUyMzVzRm4dIAIAQVM1MzNVc+AGSgPkZGRgRABGrogBTV0IAgDJCpmpgJgAkJgQiRERERgDgECYASTCYAKTCYAKTEpkZmrmjNw6QAgAoqZqZmaq58AQlAgIwITMDE1dCAKauiAFAaITUAEiUzUwFgAiFTNTMzVXPgBEoEhGRkYE4ARq6IAQ1dCAGA8QqZqYDQAJCYEwkREREZgDAFAECYAyTCYAqTCYAiTCYAKTCYAKTEpkZmrmjNw6QAwAwqZqZmaq58AUlAhIwIjMDI1dCAMauiAGAbITUAEiUzUwGQAiFTNTMzVXPgBEoEpGRkYFAARq6IAQ1dCAGA+QqZqYDYAJCYE4kREREZgBAFAECYAyTCYAqTCYAiTCYAKTCYAKTEpkZmrmjNw6QBAA4qZqZmaq58AYlAiIwIzMDM1dCAOauiAHAcITUAEiUzUwGgAiFTNTMzVXPgBEoExGRkYFIARq6IAQ1dCAGBAQqZqYDoAJCYFAkREREZgAgFAECYAyTCYAqTCYAiTCYAKTCYAKTEpmauaM3DpAFADiYEQkREREAIKmZq5ozcOkAYAOJgRCREREQAYqBCSgNkoDZKA2SgNkZmZmAkACRKZmrmjNw6QAAAQqZqZmaq58AElAcIwHTMC01dCAEauiACAWITUAEiUzUwBwAiFTNTMzVXPgBEoEBGRkYEYARq6IAQ1dCAGA0QqZqYC4AJCYEQkZgAgCABCoEAqA+KgPCoDYqA2SgNEoDRKA0SgNEZmZmAiACRKZmrmjNw6QAAAQqZqZmaq58AElAbIyMjAeACNXRABmroQAgFSFTNTARABITAdABFQGxUBoVAaJQGSUBklAZJQGRUBcVAUFQFCUBMlATJQEyUBMA1JEPSW52YWxpZCBjb250ZXh0ADMwAiMzMzAKABIlMzVzRm4dIAAAITAUEiACFTM1c0ZuHSACACEwFBIgARUBMlASJQEiUBIlASANSQEQSW52YWxpZCByZWRlZW1lcgAzMAEjMzMwCQASJTM1c0ZuHSAAACFTNTMzVXPgAkoCZGAoZgSGroQAjV0QAQBpCagAkSmamAQAEQqZqZmaq58AIlAXIyMjAaACNXRACGroQAwESFTNTAOABITAZEjMAEAQAIVAXFQFhUBUVASFQEiUBElARJQESUBEA1JBDEludmFsaWQgZGF0YQAiJTNTADACIQARMAsAEjMzMwBwASJTM1c0ZuHSAAACFTNTMzVXPgAkoCJGAkZgRGroQAjV0QAQBZCagAkSmamAQAEQqZqZmaq58AIlAVIyMjAYACNXRACGroQAwDyFTNTMA0AkAEhMBcSMwAQBAAhUBUVAUFQExUBAVAQJQDyUA8lAPJQDyMzMzAGABIlMjM1c0ZuHSAAADFTNTMzVXPgBEoCJGRkYCgARq6IAQ1dCAGAWQqZqYAwAJCYCYkRgBABiYASTCYAKTCYAKTEpmauaM3DpABABipmpmZqrnwAiUBEjASMwIjV0IAZq6IAMAshNQASJTNTAKACIVM1MzNVc+AESgKkYCxmBMauhADNXRABgHkJqACRKZqYBwARCpmpmZqrnwAiUBkjIyMBwAI1dEAIauhADATIVM1MBAAEhMBsSIzMAEAkAUAMVAZFQGBUBcVAUFQExUBAVAQJQDiUA4lAOJQDiMzMzAFABIlMjM1c0ZuHSAAADFTNTMzVXPgBEoCBGRkYCYARq6IAQ1dCAGAUQqZqYAwAJCYCQkRgBABiYASTCYAKTCYAKTEpmauaM3DpABABipmpmZqrnwAiUBAjIyMBMAI1dEAIauhADAKIVM1MAYAEhMBISIwAQAxUBAVAPFQDyUA0lANJQDSUA0jMzMwBAASJQDSUAwlAMJQDCMA0AEjMzMwAwASJQDCUAslALIwDAASUAsiMzMzADABIlMzVzRm4dIAIAITANUAwVMzVzRm4dIAAAIVM1MzNVc+ACSgGkZGRgIABGrogAzV0IAQA5CpmpgCgAkJgHmAeACKgGioBgqAYSgFkoBZKAWSgFkRERGZmZmrpABiMjMAc1VzoAJqrngATdUAORgCm6sAcjAEN1gA5GAGbrQByMAI3XADgECAEJgApJA1BUNQAjJjNXOAAgBCQAJgJkSmagAiQAJEJkRgBGbgAATUAQiNQASIiNQBCIzUAIkgACSACMAQAEhIjACADESIAEwECJTNQARAQIhMjANMAYzNQCABwAwATAEABMA8iUzUAEQDyITNQEDUAIiMwFAAjM1ABIwDAASIzNQCgCQAgASMA0AEwBAASIzNXNGbjwAgAQBQBBMiIjIyMwEyJTNQARADIhM1AUACMAQAEwAgBDAFMwEiJTNQARASIhMlM1NQAyMiMAIAswGCJTNQARAPIhNQAiJTNTMBAAIAcQEhMAYAMTNQFAAwARABMAQAEAIwESJTNQARARIhM1ASNQAiIyMwFwAzABAIMBciUzUAETVQEgAyITUAIiUzUzAPACAIESIjMAIAoAQTAGADMAQAEwDSJTNQARANIhM1AONQAiIzASACMA0AEwBAARIgAhIgATAKIlM1ABEAoiEzUAs1ACIjMA8AIwCgATAEABMAkiUzUAEQCSITNQCjUAIiMwDgAjVQCAATAEABMAgiUzUAEQCCITIzABNQAyIzAOACMwDyJTNQARAPIhMwBzUAIiMwFAAjM1ABIzcAkAAACRGbgAAgASM3AJAAAAmAIACACYAoASgEkJERgBgCCJCREYAIAhgCkSmagAikAARCagBESmZq5ozcekQQAAITAHABEwBgAzAEIlM1ABFIAAiE1ACIlMzVzRm49IgQAAIQARMAYAMSIAISISIzABAEADIhIzABADACIyMAEAEiMwAzACACABAVgcDJQEXkuQwPBBr3ADPFlE+sfCjhlL467JcGpI24PYeZ/YeZ/YeZ9YHGtawf2gVLUqiY8G5yQkN5nuFEh/csXZb6DCuzL/2Hmf2Hmf2HmfWByf1HTLSkRdK0ciLeoYIbFRxb63fHUItwG455AD/////xoAmJaA/9h6gNh5n9h5n5/YeZ/YeZ/YeZ9YIFz2EMUkskB3vfE5yfbBctFI7WS1KDmI7ORhEmq0/g6v/wD/2Hmf2Hmf2HmfWBxrWsH9oFS1KomPBuckJDeZ7hRIf3LF2W+gwrsy/9h5n9h5n9h5n1gcn9R0y0pEXStHIi3qGCGxUcW+t3x1CLcBuOeQA/////+iQKFAGgBXaGxYHMhSkzQVpxt1qXUASL5L7Wla+O22EXvMIzVYV16hSVRlc3RUb2tlbgLYeYDYeoD//9h5n9h5n9h5n1ggsQh3kxIUJYqeqRYsjNukpI2VVaLh8+YT+ImDNDdfHp//Av/YeZ/YeZ/Yep9YHAyUBF5LkMDwQa9wAzxZRPrHwo4ZS+OuyXBqSNv/2HqA/6JAoUAaABZLYlgcyFKTNBWnG3WpdQBIvkvtaVr47bYRe8wjNVhXXqFJVGVzdFRva2VuAdh7n9h5n9h5n9h5n1gca1rB/aBUtSqJjwbnJCQ3me4USH9yxdlvoMK7Mv/YeZ/YeZ/YeZ9YHJ/UdMtKRF0rRyIt6hghsVHFvrd8dQi3AbjnkAP/////GgCYloD//9h6gP///5/YeZ/YeZ/YeZ9YICJma1zvOZZDfqcuKicZO76qn5LCddw5/PAdVyh7X0q6/wD/2Hmf2Hmf2HqfWBwMlAReS5DA8EGvcAM8WUT6x8KOGUvjrslwakjb/9h6gP+hQKFAGgE8RAbYeYDYeZ9YHAyUBF5LkMDwQa9wAzxZRPrHwo4ZS+OuyXBqSNv/////n9h5n9h5n9h5n1gca1rB/aBUtSqJjwbnJCQ3me4USH9yxdlvoMK7Mv/YeZ/YeZ/YeZ9YHJ/UdMtKRF0rRyIt6hghsVHFvrd8dQi3AbjnkAP/////okChQBoAYkIeWBzIUpM0Facbdal1AEi+S+1pWvjtthF7zCM1WFdeoUlUZXN0VG9rZW4D2HmA2HqA//+hQKFAGgALcbChQKFAAICg2Hmf2Hmf2HmA2HqA/9h5n9h7gNh6gP//n1gca1rB/aBUtSqJjwbnJCQ3me4USH9yxdlvoMK7Mv+h2Hqf2Hmf2HmfWCCxCHeTEhQlip6pFiyM26SkjZVVouHz5hP4iYM0N18en/8C///YeoCg2HmfWCAaq7ml059/HJgd2rF/eGI1d5aI/57pKbJEV02wqDg/1P//2Hqf2Hmf2HmfWCCxCHeTEhQlip6pFiyM26SkjZVVouHz5hP4iYM0N18en/8C////ghoAFUaEGhaM2cWYrxoAAyNhGQMsAQEZA+gZAjsAARkD6BlecQQBGQPoGCAaAAHKdhko6wQZWdgYZBlZ2BhkGVnYGGQZWdgYZBlZ2BhkGVnYGGQYZBhkGVnYGGQZTFEYIBoAAqz6GCAZtVEEGgADYxUZAf8AARoAAVw1GCAaAAeXdRk29AQCGgAC/5QaAAbqeBjcAAEBGQPoGW/2BAIaAAO9CBoAA07FGD4BGgAQLg8ZMSoBGgADLoAZAaUBGgAC2ngZA+gZzwYBGgABOjQYIBmo8RggGQPoGCAaAAE6rAEZ4UMEGQPoChoAAwIZGJwBGgADAhkYnAEaAAMgfBkB2QEaAAMwABkB/wEZzPMYIBn9QBggGf/VGCAZWB4YIBlAsxggGgABKt8YIBoAAv+UGgAG6ngY3AABARoAAQ+SGS2nAAEZ6rsYIBoAAv+UGgAG6ngY3AABARoAAv+UGgAG6ngY3AABARoAEbIsGgAF/d4AAhoADFBOGXcSBBoAHWr2GgABQlsEGgAEDGYABAAaAAFPqxggGgADI2EZAywBARmg3hggGgADPXYYIBl59BggGX+4GCAZqV0YIBl99xggGZWqGCAaAiOszAoaA3T2kxlKHwoaAlFehBmAswo=\" :| []))))) :| []))"</failure></testcase><testcase file="test/Test/TestStorySimpleMarket.hs" line="94" name="Should buy 1 token from sale" classname="SimpleMarketPlaceFlow" time="12.121197132"/><testcase file="test/Test/TestStorySimpleMarket.hs" line="85" name="Should withdraw 1 token from sale" classname="SimpleMarketPlaceFlow" time="16.203803732"/><testcase file="test/Test/TestStorySimpleMarket.hs" line="76" name="Should place 4 tokens on sale" classname="SimpleMarketPlaceFlow" time="10.110827660"/><testcase file="test/Test/TestStorySimpleMarket.hs" line="68" name="Should create reference script UTxOs" classname="SimpleMarketPlaceFlow" time="46.238930141"/><testcase file="test/Test/TestStorySimpleMarket.hs" line="63" name="Should mint  4 Native Assets" classname="SimpleMarketPlaceFlow" time="14.123046025"/></testsuite></testsuites>